[DATA_POINT]
1="tcp_connect"
2="tcp_connection_count"
3="mic_recv"
4="HTTP_200"
5="tcp_shutdown"
6="HTTP_302"
[END_TRANSACTION]
1="vuser_init_Transaction"
2="Connect"
3="http://qa-stress190-vm/fox1010r-1656/"
4="http://qa-stress190-vm/fox1010r-1656/main.99920fc3b61526512b0f.bundle.js"
5="http://qa-stress190-vm/fox1010r-1656/inline.9cab63a947700c373539.bundle.js"
6="http://qa-stress190-vm/fox1010r-1656/inline.f67276d4878c093214a8.bundle.js"
7="http://qa-stress190-vm/fox1010r-1656/polyfills.b7bb9d75137731166c02.bundle.js"
8="http://qa-stress190-vm/fox1010r-1656/scripts.b1edfed8e69b7c42962c.bundle.js"
9="http://qa-stress190-vm/fox1010r-1656/polyfills.c2a80fcac3932fd58cd7.bundle.js"
10="http://qa-stress190-vm/fox1010r-1656/main.fa22abaf752923e5fd7c.bundle.js"
11="http://qa-stress190-vm/fox1010r-1656/scripts.ad6a652b1123c82de6d3.bundle.js"
12="http://qa-stress190-vm/fox1010r-1656/docs/default/js/qrcode.js"
13="http://qa-stress190-vm/fox1010r-1656/styles.fa906dba8df5460f75ba.bundle.css"
14="http://qa-stress190-vm/fox1010r-1656/docs/pics/icon_info.png"
15="http://qa-stress190-vm/fox1010r-1656/docs/pics/icon_my_profile.png"
16="http://qa-stress190-vm/fox1010r-1656/docs/pics/icon_security_otheruser.png"
17="http://qa-stress190-vm/fox1010r-1656/docs/pics/icon_requests.png"
18="http://qa-stress190-vm/fox1010r-1656/docs/pics/icon_passwords.png"
19="http://qa-stress190-vm/fox1010r-1656/docs/pics/hitachi-white.png"
20="http://qa-stress190-vm/fox1010r-1656/docs/default/js/scripts.js"
21="http://qa-stress190-vm/fox1010r-1656/docs/pics/spacer.gif"
22="http://qa-stress190-vm/fox1010r-1656/vendor.b758265485607a1c5bff.bundle.js"
23="{Instance}_Action_30"
24="http://qa-stress190-vm/fox1010r-1656/cgi/psf.exe"
25="http://qa-stress190-vm/fox1010r-1656/cgi/docs/pics/spacer.gif"
26="http://qa-stress190-vm/fox1010r-1656/cgi/docs/pics/hitachi-white.png"
27="http://qa-stress190-vm/fox1010r-1656/cgi/docs/pics/icon_error.png"
28="psf.exe_Action_68"
29="http://qa-stress190-vm/fox1010r-1656/cgi/ajax.exe?language:list"
30="ajax.exe_Action_77"
31="Login-SetUser"
32="psf.exe_2_Action_109"
33="Login-SetPasswd"
34="Login-Total"
35="http://qa-stress190-vm/fox1010r-1656/cgi/docs/pics/icon_info.png"
36="http://qa-stress190-vm/fox1010r-1656/cgi/docs/pics/icon_my_profile.png"
37="http://qa-stress190-vm/fox1010r-1656/cgi/docs/pics/icon_requests.png"
38="http://qa-stress190-vm/fox1010r-1656/cgi/docs/pics/icon_passwords.png"
39="http://qa-stress190-vm/fox1010r-1656/cgi/docs/pics/icon_security_otheruser.png"
40="psf.exe_3_Action_148"
41="Click-Help-others"
42="ajax-Search-IdContains"
43="http://qa-stress190-vm/fox1010r-1656/docs/pics/search.png"
44="http://qa-stress190-vm/fox1010r-1656/docs/pics/spinner.gif"
45="http://qa-stress190-vm/fox1010r-1656/cgi/ida.exe"
46="http://qa-stress190-vm/fox1010r-1656/cgi/docs/pics/search.png"
47="ida.exe_Action_183"
48="http://qa-stress190-vm/fox1010r-1656/cgi/ajax.exe?search:init"
49="ajax.exe_4_Action_285"
50="http://qa-stress190-vm/fox1010r-1656/cgi/ajax.exe?session:extend"
51="ajax.exe_5_Action_297"
52="http://qa-stress190-vm/fox1010r-1656/cgi/ajax.exe?search"
53="ajax.exe_6_Action_313"
54="ajax.exe_7_Action_330"
55="Ida-SelectOtherUser"
56="ajax-checkPasswordRules"
57="ajax.exe_8_Action_355"
58="Ida-Reset"
59="Logout"
60="Re-login-page"
61="Action_Transaction"
62="http://qa-stress190-vm/fox1010r-1656/docs/pics/bullet.png"
63="ida.exe_2_Action_401"
64="http://qa-stress190-vm/fox1010r-1656/cgi/ajax.exe?checkPasswordRules:checkRules"
65="http://qa-stress190-vm/fox1010r-1656/docs/pics/redlight.png"
66="http://qa-stress190-vm/fox1010r-1656/docs/pics/greenlight.png"
67="ajax.exe_9_Action_422"
68="ajax.exe_10_Action_443"
69="ajax.exe_11_Action_461"
70="ajax.exe_12_Action_479"
71="ajax.exe_13_Action_497"
72="ajax.exe_14_Action_515"
73="ida.exe_3_Action_545"
74="http://qa-stress190-vm/fox1010r-1656/cgi/psf.exe?SKIN=default&LANG=en-US"
75="ida.exe_4_Action_572"
76="ajax.exe_15_Action_583"
77="vuser_end_Transaction"
